<?xml version="1.0" encoding="utf-8"?><testsuites><testsuite name="pytest" errors="0" failures="0" skipped="0" tests="4" time="26.164" timestamp="2023-10-09T23:15:21.583686" hostname="Martins-MBP.fibertel.com.ar"><testcase classname="tests.model.test_model.TestModel" name="test_model_fit" time="5.798" /><testcase classname="tests.model.test_model.TestModel" name="test_model_predict" time="5.884" /><testcase classname="tests.model.test_model.TestModel" name="test_model_preprocess_for_serving" time="6.102" /><testcase classname="tests.model.test_model.TestModel" name="test_model_preprocess_for_training" time="6.074" /></testsuite></testsuites>